> Task :gradle-plugin:settings-plugin:checkKotlinGradlePluginConfigurationErrors SKIPPED
> Task :gradle-plugin:shared:checkKotlinGradlePluginConfigurationErrors SKIPPED
> Task :gradle-plugin:shared:compileKotlin UP-TO-DATE
> Task :gradle-plugin:shared:compileJava NO-SOURCE
> Task :gradle-plugin:shared:processResources NO-SOURCE
> Task :gradle-plugin:shared:classes UP-TO-DATE
> Task :gradle-plugin:shared:jar UP-TO-DATE
> Task :gradle-plugin:settings-plugin:compileKotlin UP-TO-DATE
> Task :gradle-plugin:settings-plugin:compileJava NO-SOURCE
> Task :gradle-plugin:settings-plugin:pluginDescriptors UP-TO-DATE
> Task :gradle-plugin:settings-plugin:processResources UP-TO-DATE
> Task :gradle-plugin:settings-plugin:classes UP-TO-DATE
> Task :gradle-plugin:settings-plugin:jar UP-TO-DATE
> Task :gradle-plugin:react-native-gradle-plugin:checkKotlinGradlePluginConfigurationErrors SKIPPED
> Task :gradle-plugin:react-native-gradle-plugin:compileKotlin UP-TO-DATE
> Task :gradle-plugin:react-native-gradle-plugin:compileJava NO-SOURCE
> Task :gradle-plugin:react-native-gradle-plugin:pluginDescriptors UP-TO-DATE
> Task :gradle-plugin:react-native-gradle-plugin:processResources UP-TO-DATE
> Task :gradle-plugin:react-native-gradle-plugin:classes UP-TO-DATE
> Task :gradle-plugin:react-native-gradle-plugin:jar UP-TO-DATE

> Configure project :
********************************************************************************

WARNING: Setting `newArchEnabled=false` in your `gradle.properties` file is not
supported anymore since React Native 0.82.

You can remove the line from your `gradle.properties` file.

The application will run with the New Architecture enabled by default.

********************************************************************************


> Configure project :react-native-nitro-image
[NitroModules] 🔥 NitroImage is boosted by nitro!

> Configure project :react-native-nitro-modules
[NitroModules] 🔥 Your app is boosted by nitro modules!

> Configure project :react-native-video
Kotlin version is correct: 2.1.20
AndroidX version is correct: 1.9.3
useExoplayerIMA: false
useExoplayerSmoothStreaming: true
useExoplayerDash: true
useExoplayerHls: true
useExoplayerRtsp: false
buildFromSource: false

> Configure project :react-native-vision-camera
[NitroModules] 🔥 VisionCamera is boosted by nitro!

> Configure project :react-native-vision-camera-barcode-scanner
[NitroModules] 🔥 VisionCameraBarcodeScanner is boosted by nitro!

> Task :app:generateAutolinkingNewArchitectureFiles
> Task :app:generateAutolinkingPackageList
> Task :app:generateCodegenSchemaFromJavaScript SKIPPED
> Task :app:generateCodegenArtifactsFromSchema SKIPPED
> Task :app:generateReactNativeEntryPoint
> Task :chargebee_react-native-chargebee:preBuild UP-TO-DATE
> Task :invertase_react-native-apple-authentication:preBuild UP-TO-DATE
> Task :microsoft_react-native-clarity:preBuild UP-TO-DATE
> Task :react-native-async-storage_async-storage:generateCodegenSchemaFromJavaScript UP-TO-DATE
> Task :react-native-async-storage_async-storage:generateCodegenArtifactsFromSchema UP-TO-DATE
> Task :react-native-async-storage_async-storage:preBuild UP-TO-DATE
> Task :react-native-auth0:preBuild UP-TO-DATE
> Task :react-native-community_datetimepicker:generateCodegenSchemaFromJavaScript UP-TO-DATE
> Task :react-native-community_datetimepicker:generateCodegenArtifactsFromSchema UP-TO-DATE
> Task :react-native-community_datetimepicker:preBuild UP-TO-DATE
> Task :react-native-community_geolocation:preBuild UP-TO-DATE
> Task :react-native-gesture-handler:generateCodegenSchemaFromJavaScript UP-TO-DATE
> Task :react-native-gesture-handler:generateCodegenArtifactsFromSchema UP-TO-DATE
> Task :react-native-gesture-handler:preBuild UP-TO-DATE
> Task :react-native-google-signin_google-signin:generateCodegenSchemaFromJavaScript UP-TO-DATE
> Task :react-native-google-signin_google-signin:generateCodegenArtifactsFromSchema UP-TO-DATE
> Task :react-native-google-signin_google-signin:preBuild UP-TO-DATE
> Task :react-native-image-picker:generateCodegenSchemaFromJavaScript UP-TO-DATE
> Task :react-native-image-picker:generateCodegenArtifactsFromSchema UP-TO-DATE
> Task :react-native-image-picker:preBuild UP-TO-DATE
> Task :react-native-inappbrowser-reborn:preBuild UP-TO-DATE
> Task :react-native-linear-gradient:preBuild UP-TO-DATE
> Task :react-native-maps:generateCodegenSchemaFromJavaScript SKIPPED
> Task :react-native-maps:generateCodegenArtifactsFromSchema SKIPPED
> Task :react-native-maps:preBuild UP-TO-DATE
> Task :react-native-nitro-image:prepareHeaders
> Task :react-native-nitro-image:preBuild
> Task :react-native-nitro-modules:prepareHeaders
> Task :react-native-nitro-modules:preBuild
> Task :react-native-safe-area-context:generateCodegenSchemaFromJavaScript UP-TO-DATE
> Task :react-native-safe-area-context:generateCodegenArtifactsFromSchema UP-TO-DATE
> Task :react-native-safe-area-context:preBuild UP-TO-DATE
> Task :react-native-screens:generateCodegenSchemaFromJavaScript UP-TO-DATE
> Task :react-native-screens:generateCodegenArtifactsFromSchema UP-TO-DATE
> Task :react-native-screens:preBuild UP-TO-DATE
> Task :react-native-svg:generateCodegenSchemaFromJavaScript UP-TO-DATE
> Task :react-native-svg:generateCodegenArtifactsFromSchema UP-TO-DATE
> Task :react-native-svg:preBuild UP-TO-DATE
> Task :react-native-vector-icons:generateCodegenSchemaFromJavaScript UP-TO-DATE
> Task :react-native-vector-icons:generateCodegenArtifactsFromSchema UP-TO-DATE
> Task :react-native-vector-icons:preBuild UP-TO-DATE
> Task :react-native-video:preBuild UP-TO-DATE
> Task :react-native-vision-camera:prepareHeaders
> Task :react-native-vision-camera:preBuild
> Task :react-native-vision-camera-barcode-scanner:preBuild UP-TO-DATE
> Task :app:preBuild
> Task :app:preDebugBuild
> Task :app:mergeDebugNativeDebugMetadata NO-SOURCE
> Task :app:checkKotlinGradlePluginConfigurationErrors SKIPPED
> Task :app:generateDebugBuildConfig
> Task :chargebee_react-native-chargebee:preDebugBuild UP-TO-DATE
> Task :invertase_react-native-apple-authentication:preDebugBuild UP-TO-DATE
> Task :microsoft_react-native-clarity:preDebugBuild UP-TO-DATE
> Task :react-native-async-storage_async-storage:preDebugBuild UP-TO-DATE
> Task :chargebee_react-native-chargebee:writeDebugAarMetadata
> Task :microsoft_react-native-clarity:writeDebugAarMetadata
> Task :invertase_react-native-apple-authentication:writeDebugAarMetadata
> Task :react-native-auth0:preDebugBuild UP-TO-DATE
> Task :react-native-async-storage_async-storage:writeDebugAarMetadata
> Task :react-native-community_datetimepicker:preDebugBuild UP-TO-DATE
> Task :react-native-auth0:writeDebugAarMetadata
> Task :react-native-community_geolocation:preDebugBuild UP-TO-DATE
> Task :react-native-community_datetimepicker:writeDebugAarMetadata
> Task :react-native-gesture-handler:preDebugBuild UP-TO-DATE
> Task :react-native-community_geolocation:writeDebugAarMetadata
> Task :react-native-google-signin_google-signin:preDebugBuild UP-TO-DATE
> Task :react-native-gesture-handler:writeDebugAarMetadata
> Task :react-native-image-picker:preDebugBuild UP-TO-DATE
> Task :react-native-google-signin_google-signin:writeDebugAarMetadata
> Task :react-native-inappbrowser-reborn:preDebugBuild UP-TO-DATE
> Task :react-native-image-picker:writeDebugAarMetadata
> Task :react-native-linear-gradient:preDebugBuild UP-TO-DATE
> Task :react-native-inappbrowser-reborn:writeDebugAarMetadata
> Task :react-native-maps:preDebugBuild UP-TO-DATE
> Task :react-native-linear-gradient:writeDebugAarMetadata
> Task :react-native-nitro-image:preDebugBuild
> Task :react-native-maps:writeDebugAarMetadata
> Task :react-native-nitro-modules:preDebugBuild
> Task :react-native-nitro-image:writeDebugAarMetadata
> Task :react-native-safe-area-context:preDebugBuild UP-TO-DATE
> Task :react-native-nitro-modules:writeDebugAarMetadata
> Task :react-native-screens:preDebugBuild UP-TO-DATE
> Task :react-native-safe-area-context:writeDebugAarMetadata
> Task :react-native-svg:preDebugBuild UP-TO-DATE
> Task :react-native-screens:writeDebugAarMetadata
> Task :react-native-vector-icons:preDebugBuild UP-TO-DATE
> Task :react-native-svg:writeDebugAarMetadata
> Task :react-native-video:preDebugBuild UP-TO-DATE
> Task :react-native-vector-icons:writeDebugAarMetadata
> Task :react-native-vision-camera:preDebugBuild
> Task :react-native-video:writeDebugAarMetadata
> Task :react-native-vision-camera-barcode-scanner:preDebugBuild UP-TO-DATE
> Task :react-native-vision-camera:writeDebugAarMetadata
> Task :react-native-vision-camera-barcode-scanner:writeDebugAarMetadata
> Task :app:generateDebugResValues
> Task :chargebee_react-native-chargebee:generateDebugResValues
> Task :chargebee_react-native-chargebee:generateDebugResources
> Task :app:checkDebugAarMetadata
> Task :chargebee_react-native-chargebee:packageDebugResources
> Task :invertase_react-native-apple-authentication:generateDebugResValues
> Task :invertase_react-native-apple-authentication:generateDebugResources
> Task :invertase_react-native-apple-authentication:packageDebugResources
> Task :microsoft_react-native-clarity:generateDebugResValues
> Task :microsoft_react-native-clarity:generateDebugResources
> Task :microsoft_react-native-clarity:packageDebugResources
> Task :react-native-async-storage_async-storage:generateDebugResValues
> Task :react-native-async-storage_async-storage:generateDebugResources
> Task :react-native-async-storage_async-storage:packageDebugResources
> Task :react-native-auth0:generateDebugResValues
> Task :react-native-auth0:generateDebugResources
> Task :react-native-auth0:packageDebugResources
> Task :react-native-community_datetimepicker:generateDebugResValues
> Task :react-native-community_datetimepicker:generateDebugResources
> Task :react-native-community_datetimepicker:packageDebugResources
> Task :react-native-community_geolocation:generateDebugResValues
> Task :react-native-community_geolocation:generateDebugResources
> Task :react-native-community_geolocation:packageDebugResources
> Task :react-native-gesture-handler:generateDebugResValues
> Task :react-native-gesture-handler:generateDebugResources
> Task :react-native-gesture-handler:packageDebugResources
> Task :react-native-google-signin_google-signin:generateDebugResValues
> Task :react-native-google-signin_google-signin:generateDebugResources
> Task :react-native-google-signin_google-signin:packageDebugResources
> Task :react-native-image-picker:generateDebugResValues
> Task :react-native-image-picker:generateDebugResources
> Task :react-native-image-picker:packageDebugResources
> Task :react-native-inappbrowser-reborn:generateDebugResValues
> Task :react-native-inappbrowser-reborn:generateDebugResources
> Task :react-native-inappbrowser-reborn:packageDebugResources
> Task :react-native-linear-gradient:generateDebugResValues
> Task :react-native-linear-gradient:generateDebugResources
> Task :react-native-linear-gradient:packageDebugResources
> Task :react-native-maps:generateDebugResValues
> Task :react-native-maps:generateDebugResources
> Task :react-native-maps:packageDebugResources
> Task :react-native-nitro-image:generateDebugResValues
> Task :react-native-nitro-image:generateDebugResources
> Task :react-native-nitro-image:packageDebugResources
> Task :react-native-nitro-modules:generateDebugResValues
> Task :react-native-nitro-modules:generateDebugResources
> Task :react-native-nitro-modules:packageDebugResources
> Task :react-native-safe-area-context:generateDebugResValues
> Task :react-native-safe-area-context:generateDebugResources
> Task :react-native-safe-area-context:packageDebugResources
> Task :react-native-screens:generateDebugResValues
> Task :react-native-screens:generateDebugResources
> Task :react-native-screens:packageDebugResources
> Task :react-native-svg:generateDebugResValues
> Task :react-native-svg:generateDebugResources
> Task :react-native-svg:packageDebugResources
> Task :react-native-vector-icons:generateDebugResValues
> Task :react-native-vector-icons:generateDebugResources
> Task :react-native-vector-icons:packageDebugResources
> Task :react-native-video:generateDebugResValues
> Task :react-native-video:generateDebugResources
> Task :react-native-video:packageDebugResources
> Task :react-native-vision-camera:generateDebugResValues
> Task :react-native-vision-camera:generateDebugResources
> Task :react-native-vision-camera:packageDebugResources
> Task :react-native-vision-camera-barcode-scanner:generateDebugResValues
> Task :react-native-vision-camera-barcode-scanner:generateDebugResources
> Task :react-native-vision-camera-barcode-scanner:packageDebugResources
> Task :app:mapDebugSourceSetPaths
> Task :app:generateDebugResources
> Task :app:packageDebugResources
> Task :app:mergeDebugResources
> Task :app:createDebugCompatibleScreenManifests
> Task :app:extractDeepLinksDebug
> Task :chargebee_react-native-chargebee:extractDeepLinksDebug
> Task :invertase_react-native-apple-authentication:extractDeepLinksDebug
> Task :microsoft_react-native-clarity:extractDeepLinksDebug
> Task :app:parseDebugLocalResources
> Task :react-native-async-storage_async-storage:extractDeepLinksDebug
> Task :react-native-auth0:extractDeepLinksDebug
> Task :react-native-community_datetimepicker:extractDeepLinksDebug
> Task :react-native-community_geolocation:extractDeepLinksDebug
> Task :react-native-gesture-handler:extractDeepLinksDebug

> Task :invertase_react-native-apple-authentication:processDebugManifest
package="com.RNAppleAuthentication" found in source AndroidManifest.xml: /Users/apple/swapp/node_modules/@invertase/react-native-apple-authentication/android/src/main/AndroidManifest.xml.
Setting the namespace via the package attribute in the source AndroidManifest.xml is no longer supported, and the value is ignored.
Recommendation: remove package="com.RNAppleAuthentication" from the source AndroidManifest.xml: /Users/apple/swapp/node_modules/@invertase/react-native-apple-authentication/android/src/main/AndroidManifest.xml.

> Task :chargebee_react-native-chargebee:processDebugManifest
package="com.chargebee.android.reactnative" found in source AndroidManifest.xml: /Users/apple/swapp/node_modules/@chargebee/react-native-chargebee/android/src/main/AndroidManifest.xml.
Setting the namespace via the package attribute in the source AndroidManifest.xml is no longer supported, and the value is ignored.
Recommendation: remove package="com.chargebee.android.reactnative" from the source AndroidManifest.xml: /Users/apple/swapp/node_modules/@chargebee/react-native-chargebee/android/src/main/AndroidManifest.xml.

> Task :microsoft_react-native-clarity:processDebugManifest
package="com.microsoft.clarity.reactnative" found in source AndroidManifest.xml: /Users/apple/swapp/node_modules/@microsoft/react-native-clarity/android/src/main/AndroidManifest.xml.
Setting the namespace via the package attribute in the source AndroidManifest.xml is no longer supported, and the value is ignored.
Recommendation: remove package="com.microsoft.clarity.reactnative" from the source AndroidManifest.xml: /Users/apple/swapp/node_modules/@microsoft/react-native-clarity/android/src/main/AndroidManifest.xml.

> Task :react-native-async-storage_async-storage:processDebugManifest
package="com.reactnativecommunity.asyncstorage" found in source AndroidManifest.xml: /Users/apple/swapp/node_modules/@react-native-async-storage/async-storage/android/src/main/AndroidManifest.xml.
Setting the namespace via the package attribute in the source AndroidManifest.xml is no longer supported, and the value is ignored.
Recommendation: remove package="com.reactnativecommunity.asyncstorage" from the source AndroidManifest.xml: /Users/apple/swapp/node_modules/@react-native-async-storage/async-storage/android/src/main/AndroidManifest.xml.

> Task :react-native-community_geolocation:processDebugManifest
package="com.reactnativecommunity.geolocation" found in source AndroidManifest.xml: /Users/apple/swapp/node_modules/@react-native-community/geolocation/android/src/main/AndroidManifest.xml.
Setting the namespace via the package attribute in the source AndroidManifest.xml is no longer supported, and the value is ignored.
Recommendation: remove package="com.reactnativecommunity.geolocation" from the source AndroidManifest.xml: /Users/apple/swapp/node_modules/@react-native-community/geolocation/android/src/main/AndroidManifest.xml.

> Task :react-native-auth0:processDebugManifest
package="com.auth0.react" found in source AndroidManifest.xml: /Users/apple/swapp/node_modules/react-native-auth0/android/src/main/AndroidManifest.xml.
Setting the namespace via the package attribute in the source AndroidManifest.xml is no longer supported, and the value is ignored.
Recommendation: remove package="com.auth0.react" from the source AndroidManifest.xml: /Users/apple/swapp/node_modules/react-native-auth0/android/src/main/AndroidManifest.xml.

> Task :react-native-community_datetimepicker:processDebugManifest
> Task :react-native-gesture-handler:processDebugManifest
> Task :react-native-google-signin_google-signin:extractDeepLinksDebug
> Task :react-native-image-picker:extractDeepLinksDebug

> Task :react-native-google-signin_google-signin:processDebugManifest
package="com.reactnativegooglesignin" found in source AndroidManifest.xml: /Users/apple/swapp/node_modules/@react-native-google-signin/google-signin/android/src/main/AndroidManifest.xml.
Setting the namespace via the package attribute in the source AndroidManifest.xml is no longer supported, and the value is ignored.
Recommendation: remove package="com.reactnativegooglesignin" from the source AndroidManifest.xml: /Users/apple/swapp/node_modules/@react-native-google-signin/google-signin/android/src/main/AndroidManifest.xml.

> Task :react-native-inappbrowser-reborn:extractDeepLinksDebug

> Task :react-native-image-picker:processDebugManifest
package="com.imagepicker" found in source AndroidManifest.xml: /Users/apple/swapp/node_modules/react-native-image-picker/android/src/main/AndroidManifest.xml.
Setting the namespace via the package attribute in the source AndroidManifest.xml is no longer supported, and the value is ignored.
Recommendation: remove package="com.imagepicker" from the source AndroidManifest.xml: /Users/apple/swapp/node_modules/react-native-image-picker/android/src/main/AndroidManifest.xml.

> Task :react-native-linear-gradient:extractDeepLinksDebug

> Task :react-native-inappbrowser-reborn:processDebugManifest
package="com.proyecto26.inappbrowser" found in source AndroidManifest.xml: /Users/apple/swapp/node_modules/react-native-inappbrowser-reborn/android/src/main/AndroidManifest.xml.
Setting the namespace via the package attribute in the source AndroidManifest.xml is no longer supported, and the value is ignored.
Recommendation: remove package="com.proyecto26.inappbrowser" from the source AndroidManifest.xml: /Users/apple/swapp/node_modules/react-native-inappbrowser-reborn/android/src/main/AndroidManifest.xml.

> Task :react-native-maps:extractDeepLinksDebug

> Task :react-native-linear-gradient:processDebugManifest
package="com.BV.LinearGradient" found in source AndroidManifest.xml: /Users/apple/swapp/node_modules/react-native-linear-gradient/android/src/main/AndroidManifest.xml.
Setting the namespace via the package attribute in the source AndroidManifest.xml is no longer supported, and the value is ignored.
Recommendation: remove package="com.BV.LinearGradient" from the source AndroidManifest.xml: /Users/apple/swapp/node_modules/react-native-linear-gradient/android/src/main/AndroidManifest.xml.

> Task :react-native-maps:processDebugManifest
> Task :react-native-nitro-image:extractDeepLinksDebug
> Task :react-native-nitro-modules:extractDeepLinksDebug
> Task :react-native-nitro-image:processDebugManifest
> Task :react-native-nitro-modules:processDebugManifest
> Task :react-native-safe-area-context:extractDeepLinksDebug
> Task :react-native-screens:extractDeepLinksDebug

> Task :react-native-safe-area-context:processDebugManifest
package="com.th3rdwave.safeareacontext" found in source AndroidManifest.xml: /Users/apple/swapp/node_modules/react-native-safe-area-context/android/src/main/AndroidManifest.xml.
Setting the namespace via the package attribute in the source AndroidManifest.xml is no longer supported, and the value is ignored.
Recommendation: remove package="com.th3rdwave.safeareacontext" from the source AndroidManifest.xml: /Users/apple/swapp/node_modules/react-native-safe-area-context/android/src/main/AndroidManifest.xml.

> Task :react-native-svg:extractDeepLinksDebug
> Task :react-native-screens:processDebugManifest
> Task :react-native-vector-icons:extractDeepLinksDebug
> Task :react-native-svg:processDebugManifest
> Task :react-native-video:extractDeepLinksDebug

> Task :react-native-vector-icons:processDebugManifest
package="com.oblador.vectoricons" found in source AndroidManifest.xml: /Users/apple/swapp/node_modules/react-native-vector-icons/android/src/main/AndroidManifest.xml.
Setting the namespace via the package attribute in the source AndroidManifest.xml is no longer supported, and the value is ignored.
Recommendation: remove package="com.oblador.vectoricons" from the source AndroidManifest.xml: /Users/apple/swapp/node_modules/react-native-vector-icons/android/src/main/AndroidManifest.xml.

> Task :react-native-vision-camera:extractDeepLinksDebug
> Task :react-native-video:processDebugManifest
> Task :react-native-vision-camera-barcode-scanner:extractDeepLinksDebug
> Task :react-native-vision-camera:processDebugManifest
> Task :react-native-vision-camera-barcode-scanner:processDebugManifest
> Task :chargebee_react-native-chargebee:compileDebugLibraryResources

> Task :app:processDebugMainManifest
package="com.swappios" found in source AndroidManifest.xml: /Users/apple/swapp/android/app/src/main/AndroidManifest.xml.
Setting the namespace via the package attribute in the source AndroidManifest.xml is no longer supported, and the value is ignored.
Recommendation: remove package="com.swappios" from the source AndroidManifest.xml: /Users/apple/swapp/android/app/src/main/AndroidManifest.xml.

> Task :app:processDebugManifest
> Task :chargebee_react-native-chargebee:parseDebugLocalResources
> Task :invertase_react-native-apple-authentication:compileDebugLibraryResources
> Task :invertase_react-native-apple-authentication:parseDebugLocalResources
> Task :microsoft_react-native-clarity:compileDebugLibraryResources
> Task :react-native-async-storage_async-storage:compileDebugLibraryResources
> Task :microsoft_react-native-clarity:parseDebugLocalResources
> Task :react-native-async-storage_async-storage:parseDebugLocalResources
> Task :react-native-auth0:compileDebugLibraryResources
> Task :react-native-auth0:parseDebugLocalResources
> Task :invertase_react-native-apple-authentication:generateDebugRFile
> Task :react-native-community_datetimepicker:compileDebugLibraryResources
> Task :microsoft_react-native-clarity:generateDebugRFile
> Task :chargebee_react-native-chargebee:generateDebugRFile
> Task :react-native-async-storage_async-storage:generateDebugRFile
> Task :react-native-auth0:generateDebugRFile
> Task :react-native-community_geolocation:compileDebugLibraryResources
> Task :react-native-community_datetimepicker:parseDebugLocalResources
> Task :react-native-community_geolocation:parseDebugLocalResources
> Task :app:processDebugManifestForPackage
> Task :react-native-community_datetimepicker:generateDebugRFile
> Task :react-native-gesture-handler:compileDebugLibraryResources
> Task :react-native-community_geolocation:generateDebugRFile
> Task :react-native-gesture-handler:parseDebugLocalResources
> Task :react-native-google-signin_google-signin:compileDebugLibraryResources
> Task :react-native-gesture-handler:generateDebugRFile
> Task :react-native-google-signin_google-signin:parseDebugLocalResources
> Task :react-native-image-picker:compileDebugLibraryResources
> Task :react-native-image-picker:parseDebugLocalResources
> Task :react-native-google-signin_google-signin:generateDebugRFile
> Task :react-native-inappbrowser-reborn:compileDebugLibraryResources
> Task :react-native-image-picker:generateDebugRFile
> Task :react-native-linear-gradient:compileDebugLibraryResources
> Task :react-native-inappbrowser-reborn:parseDebugLocalResources
> Task :react-native-linear-gradient:parseDebugLocalResources
> Task :react-native-maps:compileDebugLibraryResources
> Task :react-native-inappbrowser-reborn:generateDebugRFile
> Task :react-native-linear-gradient:generateDebugRFile
> Task :react-native-nitro-image:compileDebugLibraryResources
> Task :react-native-maps:parseDebugLocalResources
> Task :react-native-nitro-image:parseDebugLocalResources
> Task :react-native-maps:generateDebugRFile
> Task :react-native-nitro-image:generateDebugRFile
> Task :react-native-nitro-modules:compileDebugLibraryResources
> Task :react-native-safe-area-context:compileDebugLibraryResources
> Task :react-native-nitro-modules:parseDebugLocalResources
> Task :react-native-safe-area-context:parseDebugLocalResources
> Task :react-native-nitro-modules:generateDebugRFile
> Task :react-native-safe-area-context:generateDebugRFile
> Task :react-native-svg:compileDebugLibraryResources
> Task :react-native-screens:parseDebugLocalResources
> Task :react-native-svg:parseDebugLocalResources
> Task :react-native-screens:compileDebugLibraryResources
> Task :react-native-screens:generateDebugRFile
> Task :react-native-svg:generateDebugRFile
> Task :react-native-vector-icons:compileDebugLibraryResources
> Task :react-native-vector-icons:parseDebugLocalResources
> Task :react-native-vision-camera:compileDebugLibraryResources
> Task :react-native-video:compileDebugLibraryResources
> Task :react-native-video:parseDebugLocalResources
> Task :react-native-vector-icons:generateDebugRFile
> Task :react-native-video:generateDebugRFile
> Task :react-native-vision-camera:parseDebugLocalResources
> Task :react-native-vision-camera-barcode-scanner:compileDebugLibraryResources
> Task :chargebee_react-native-chargebee:checkKotlinGradlePluginConfigurationErrors SKIPPED
> Task :react-native-vision-camera:generateDebugRFile
> Task :react-native-vision-camera-barcode-scanner:parseDebugLocalResources
> Task :chargebee_react-native-chargebee:generateDebugBuildConfig
> Task :react-native-vision-camera-barcode-scanner:generateDebugRFile

> Task :chargebee_react-native-chargebee:compileDebugKotlin FAILED
e: file:///Users/apple/swapp/node_modules/@chargebee/react-native-chargebee/android/src/main/java/com/chargebee/android/reactnative/ChargebeeReactNativeModule.kt:47:23 Unresolved reference 'currentActivity'.
e: file:///Users/apple/swapp/node_modules/@chargebee/react-native-chargebee/android/src/main/java/com/chargebee/android/reactnative/ChargebeeReactNativeModule.kt:93:20 Unresolved reference 'currentActivity'.
e: file:///Users/apple/swapp/node_modules/@chargebee/react-native-chargebee/android/src/main/java/com/chargebee/android/reactnative/ChargebeeReactNativeModule.kt:94:15 Cannot infer type for this parameter. Specify it explicitly.
e: file:///Users/apple/swapp/node_modules/@chargebee/react-native-chargebee/android/src/main/java/com/chargebee/android/reactnative/ChargebeeReactNativeModule.kt:94:19 Cannot infer type for this parameter. Specify it explicitly.
e: file:///Users/apple/swapp/node_modules/@chargebee/react-native-chargebee/android/src/main/java/com/chargebee/android/reactnative/ChargebeeReactNativeModule.kt:135:20 Unresolved reference 'currentActivity'.
e: file:///Users/apple/swapp/node_modules/@chargebee/react-native-chargebee/android/src/main/java/com/chargebee/android/reactnative/ChargebeeReactNativeModule.kt:136:15 Cannot infer type for this parameter. Specify it explicitly.
e: file:///Users/apple/swapp/node_modules/@chargebee/react-native-chargebee/android/src/main/java/com/chargebee/android/reactnative/ChargebeeReactNativeModule.kt:136:19 Cannot infer type for this parameter. Specify it explicitly.
e: file:///Users/apple/swapp/node_modules/@chargebee/react-native-chargebee/android/src/main/java/com/chargebee/android/reactnative/ChargebeeReactNativeModule.kt:198:20 Unresolved reference 'currentActivity'.
e: file:///Users/apple/swapp/node_modules/@chargebee/react-native-chargebee/android/src/main/java/com/chargebee/android/reactnative/ChargebeeReactNativeModule.kt:199:15 Cannot infer type for this parameter. Specify it explicitly.
e: file:///Users/apple/swapp/node_modules/@chargebee/react-native-chargebee/android/src/main/java/com/chargebee/android/reactnative/ChargebeeReactNativeModule.kt:199:19 Cannot infer type for this parameter. Specify it explicitly.
e: file:///Users/apple/swapp/node_modules/@chargebee/react-native-chargebee/android/src/main/java/com/chargebee/android/reactnative/ChargebeeReactNativeModule.kt:282:20 Unresolved reference 'currentActivity'.
e: file:///Users/apple/swapp/node_modules/@chargebee/react-native-chargebee/android/src/main/java/com/chargebee/android/reactnative/ChargebeeReactNativeModule.kt:283:15 Cannot infer type for this parameter. Specify it explicitly.
e: file:///Users/apple/swapp/node_modules/@chargebee/react-native-chargebee/android/src/main/java/com/chargebee/android/reactnative/ChargebeeReactNativeModule.kt:283:19 Cannot infer type for this parameter. Specify it explicitly.
e: file:///Users/apple/swapp/node_modules/@chargebee/react-native-chargebee/android/src/main/java/com/chargebee/android/reactnative/ChargebeeReactNativeModule.kt:306:20 Unresolved reference 'currentActivity'.
e: file:///Users/apple/swapp/node_modules/@chargebee/react-native-chargebee/android/src/main/java/com/chargebee/android/reactnative/ChargebeeReactNativeModule.kt:307:15 Cannot infer type for this parameter. Specify it explicitly.
e: file:///Users/apple/swapp/node_modules/@chargebee/react-native-chargebee/android/src/main/java/com/chargebee/android/reactnative/ChargebeeReactNativeModule.kt:307:19 Cannot infer type for this parameter. Specify it explicitly.
e: file:///Users/apple/swapp/node_modules/@chargebee/react-native-chargebee/android/src/main/java/com/chargebee/android/reactnative/ChargebeeReactNativeModule.kt:313:52 Argument type mismatch: actual type is 'Any', but 'Context' was expected.
e: file:///Users/apple/swapp/node_modules/@chargebee/react-native-chargebee/android/src/main/java/com/chargebee/android/reactnative/ChargebeeReactNativeModule.kt:369:20 Unresolved reference 'currentActivity'.
e: file:///Users/apple/swapp/node_modules/@chargebee/react-native-chargebee/android/src/main/java/com/chargebee/android/reactnative/ChargebeeReactNativeModule.kt:370:15 Cannot infer type for this parameter. Specify it explicitly.
e: file:///Users/apple/swapp/node_modules/@chargebee/react-native-chargebee/android/src/main/java/com/chargebee/android/reactnative/ChargebeeReactNativeModule.kt:370:19 Cannot infer type for this parameter. Specify it explicitly.
e: file:///Users/apple/swapp/node_modules/@chargebee/react-native-chargebee/android/src/main/java/com/chargebee/android/reactnative/ChargebeeReactNativeModule.kt:376:71 Argument type mismatch: actual type is 'Any', but 'Context' was expected.
e: file:///Users/apple/swapp/node_modules/@chargebee/react-native-chargebee/android/src/main/java/com/chargebee/android/reactnative/utils/Converter.kt:29:15 Argument type mismatch: actual type is 'String?', but 'String' was expected.

> Task :app:processDebugResources

[Incubating] Problems report is available at: file:///Users/apple/swapp/android/build/reports/problems/problems-report.html

FAILURE: Build failed with an exception.

* What went wrong:
Execution failed for task ':chargebee_react-native-chargebee:compileDebugKotlin'.
> A failure occurred while executing org.jetbrains.kotlin.compilerRunner.GradleCompilerRunnerWithWorkers$GradleKotlinCompilerWorkAction
   > Compilation error. See log for more details

* Try:
> Run with --info or --debug option to get more log output.
> Run with --scan to generate a Build Scan (Powered by Develocity).
> Get more help at https://help.gradle.org.

* Exception is:
org.gradle.api.tasks.TaskExecutionException: Execution failed for task ':chargebee_react-native-chargebee:compileDebugKotlin'.
	at org.gradle.api.internal.tasks.execution.ExecuteActionsTaskExecuter.lambda$executeIfValid$1(ExecuteActionsTaskExecuter.java:135)
	at org.gradle.internal.Try$Failure.ifSuccessfulOrElse(Try.java:288)
	at org.gradle.api.internal.tasks.execution.ExecuteActionsTaskExecuter.executeIfValid(ExecuteActionsTaskExecuter.java:133)
	at org.gradle.api.internal.tasks.execution.ExecuteActionsTaskExecuter.execute(ExecuteActionsTaskExecuter.java:121)
	at org.gradle.api.internal.tasks.execution.ProblemsTaskPathTrackingTaskExecuter.execute(ProblemsTaskPathTrackingTaskExecuter.java:41)
	at org.gradle.api.internal.tasks.execution.FinalizePropertiesTaskExecuter.execute(FinalizePropertiesTaskExecuter.java:46)
	at org.gradle.api.internal.tasks.execution.ResolveTaskExecutionModeExecuter.execute(ResolveTaskExecutionModeExecuter.java:51)
	at org.gradle.api.internal.tasks.execution.SkipTaskWithNoActionsExecuter.execute(SkipTaskWithNoActionsExecuter.java:57)
	at org.gradle.api.internal.tasks.execution.SkipOnlyIfTaskExecuter.execute(SkipOnlyIfTaskExecuter.java:74)
	at org.gradle.api.internal.tasks.execution.CatchExceptionTaskExecuter.execute(CatchExceptionTaskExecuter.java:36)
	at org.gradle.api.internal.tasks.execution.EventFiringTaskExecuter$1.executeTask(EventFiringTaskExecuter.java:77)
	at org.gradle.api.internal.tasks.execution.EventFiringTaskExecuter$1.call(EventFiringTaskExecuter.java:55)
	at org.gradle.api.internal.tasks.execution.EventFiringTaskExecuter$1.call(EventFiringTaskExecuter.java:52)
	at org.gradle.internal.operations.DefaultBuildOperationRunner$CallableBuildOperationWorker.execute(DefaultBuildOperationRunner.java:209)
	at org.gradle.internal.operations.DefaultBuildOperationRunner$CallableBuildOperationWorker.execute(DefaultBuildOperationRunner.java:204)
	at org.gradle.internal.operations.DefaultBuildOperationRunner$2.execute(DefaultBuildOperationRunner.java:66)
	at org.gradle.internal.operations.DefaultBuildOperationRunner$2.execute(DefaultBuildOperationRunner.java:59)
	at org.gradle.internal.operations.DefaultBuildOperationRunner.execute(DefaultBuildOperationRunner.java:166)
	at org.gradle.internal.operations.DefaultBuildOperationRunner.execute(DefaultBuildOperationRunner.java:59)
	at org.gradle.internal.operations.DefaultBuildOperationRunner.call(DefaultBuildOperationRunner.java:53)
	at org.gradle.api.internal.tasks.execution.EventFiringTaskExecuter.execute(EventFiringTaskExecuter.java:52)
	at org.gradle.execution.plan.LocalTaskNodeExecutor.execute(LocalTaskNodeExecutor.java:45)
	at org.gradle.execution.taskgraph.DefaultTaskExecutionGraph$InvokeNodeExecutorsAction.execute(DefaultTaskExecutionGraph.java:347)
	at org.gradle.execution.taskgraph.DefaultTaskExecutionGraph$InvokeNodeExecutorsAction.execute(DefaultTaskExecutionGraph.java:334)
	at org.gradle.execution.taskgraph.DefaultTaskExecutionGraph$BuildOperationAwareExecutionAction.lambda$execute$0(DefaultTaskExecutionGraph.java:330)
	at org.gradle.internal.operations.CurrentBuildOperationRef.with(CurrentBuildOperationRef.java:84)
	at org.gradle.execution.taskgraph.DefaultTaskExecutionGraph$BuildOperationAwareExecutionAction.execute(DefaultTaskExecutionGraph.java:330)
	at org.gradle.execution.taskgraph.DefaultTaskExecutionGraph$BuildOperationAwareExecutionAction.execute(DefaultTaskExecutionGraph.java:319)
	at org.gradle.execution.plan.DefaultPlanExecutor$ExecutorWorker.execute(DefaultPlanExecutor.java:459)
	at org.gradle.execution.plan.DefaultPlanExecutor$ExecutorWorker.run(DefaultPlanExecutor.java:376)
	at org.gradle.internal.concurrent.ExecutorPolicy$CatchAndRecordFailures.onExecute(ExecutorPolicy.java:64)
	at org.gradle.internal.concurrent.AbstractManagedExecutor$1.run(AbstractManagedExecutor.java:47)
Caused by: org.gradle.workers.internal.DefaultWorkerExecutor$WorkExecutionException: A failure occurred while executing org.jetbrains.kotlin.compilerRunner.GradleCompilerRunnerWithWorkers$GradleKotlinCompilerWorkAction
	at org.gradle.workers.internal.DefaultWorkerExecutor$WorkItemExecution.waitForCompletion(DefaultWorkerExecutor.java:289)
	at org.gradle.internal.work.DefaultAsyncWorkTracker.lambda$waitForItemsAndGatherFailures$2(DefaultAsyncWorkTracker.java:130)
	at org.gradle.internal.Factories$1.create(Factories.java:31)
	at org.gradle.internal.work.DefaultWorkerLeaseService.withoutLocks(DefaultWorkerLeaseService.java:335)
	at org.gradle.internal.work.DefaultWorkerLeaseService.withoutLocks(DefaultWorkerLeaseService.java:318)
	at org.gradle.internal.work.DefaultWorkerLeaseService.withoutLock(DefaultWorkerLeaseService.java:323)
	at org.gradle.internal.work.DefaultAsyncWorkTracker.waitForItemsAndGatherFailures(DefaultAsyncWorkTracker.java:126)
	at org.gradle.internal.work.DefaultAsyncWorkTracker.waitForItemsAndGatherFailures(DefaultAsyncWorkTracker.java:92)
	at org.gradle.internal.work.DefaultAsyncWorkTracker.waitForAll(DefaultAsyncWorkTracker.java:78)
	at org.gradle.internal.work.DefaultAsyncWorkTracker.waitForCompletion(DefaultAsyncWorkTracker.java:66)
	at org.gradle.api.internal.tasks.execution.TaskExecution$3.run(TaskExecution.java:260)
	at org.gradle.internal.operations.DefaultBuildOperationRunner$1.execute(DefaultBuildOperationRunner.java:29)
	at org.gradle.internal.operations.DefaultBuildOperationRunner$1.execute(DefaultBuildOperationRunner.java:26)
	at org.gradle.internal.operations.DefaultBuildOperationRunner$2.execute(DefaultBuildOperationRunner.java:66)
	at org.gradle.internal.operations.DefaultBuildOperationRunner$2.execute(DefaultBuildOperationRunner.java:59)
	at org.gradle.internal.operations.DefaultBuildOperationRunner.execute(DefaultBuildOperationRunner.java:166)
	at org.gradle.internal.operations.DefaultBuildOperationRunner.execute(DefaultBuildOperationRunner.java:59)
	at org.gradle.internal.operations.DefaultBuildOperationRunner.run(DefaultBuildOperationRunner.java:47)
	at org.gradle.api.internal.tasks.execution.TaskExecution.executeAction(TaskExecution.java:237)
	at org.gradle.api.internal.tasks.execution.TaskExecution.executeActions(TaskExecution.java:220)
	at org.gradle.api.internal.tasks.execution.TaskExecution.executeWithPreviousOutputFiles(TaskExecution.java:203)
	at org.gradle.api.internal.tasks.execution.TaskExecution.execute(TaskExecution.java:170)
	at org.gradle.internal.execution.steps.ExecuteStep.executeInternal(ExecuteStep.java:105)
	at org.gradle.internal.execution.steps.ExecuteStep.access$000(ExecuteStep.java:44)
	at org.gradle.internal.execution.steps.ExecuteStep$1.call(ExecuteStep.java:59)
	at org.gradle.internal.execution.steps.ExecuteStep$1.call(ExecuteStep.java:56)
	at org.gradle.internal.operations.DefaultBuildOperationRunner$CallableBuildOperationWorker.execute(DefaultBuildOperationRunner.java:209)
	at org.gradle.internal.operations.DefaultBuildOperationRunner$CallableBuildOperationWorker.execute(DefaultBuildOperationRunner.java:204)
	at org.gradle.internal.operations.DefaultBuildOperationRunner$2.execute(DefaultBuildOperationRunner.java:66)
	at org.gradle.internal.operations.DefaultBuildOperationRunner$2.execute(DefaultBuildOperationRunner.java:59)
	at org.gradle.internal.operations.DefaultBuildOperationRunner.execute(DefaultBuildOperationRunner.java:166)
	at org.gradle.internal.operations.DefaultBuildOperationRunner.execute(DefaultBuildOperationRunner.java:59)
	at org.gradle.internal.operations.DefaultBuildOperationRunner.call(DefaultBuildOperationRunner.java:53)
	at org.gradle.internal.execution.steps.ExecuteStep.execute(ExecuteStep.java:56)
	at org.gradle.internal.execution.steps.ExecuteStep.execute(ExecuteStep.java:44)
	at org.gradle.internal.execution.steps.CancelExecutionStep.execute(CancelExecutionStep.java:42)
	at org.gradle.internal.execution.steps.TimeoutStep.executeWithoutTimeout(TimeoutStep.java:75)
	at org.gradle.internal.execution.steps.TimeoutStep.execute(TimeoutStep.java:55)
	at org.gradle.internal.execution.steps.PreCreateOutputParentsStep.execute(PreCreateOutputParentsStep.java:50)
	at org.gradle.internal.execution.steps.PreCreateOutputParentsStep.execute(PreCreateOutputParentsStep.java:28)
	at org.gradle.internal.execution.steps.RemovePreviousOutputsStep.execute(RemovePreviousOutputsStep.java:68)
	at org.gradle.internal.execution.steps.RemovePreviousOutputsStep.execute(RemovePreviousOutputsStep.java:38)
	at org.gradle.internal.execution.steps.BroadcastChangingOutputsStep.execute(BroadcastChangingOutputsStep.java:61)
	at org.gradle.internal.execution.steps.BroadcastChangingOutputsStep.execute(BroadcastChangingOutputsStep.java:26)
	at org.gradle.internal.execution.steps.CaptureOutputsAfterExecutionStep.execute(CaptureOutputsAfterExecutionStep.java:69)
	at org.gradle.internal.execution.steps.CaptureOutputsAfterExecutionStep.execute(CaptureOutputsAfterExecutionStep.java:46)
	at org.gradle.internal.execution.steps.ResolveInputChangesStep.execute(ResolveInputChangesStep.java:39)
	at org.gradle.internal.execution.steps.ResolveInputChangesStep.execute(ResolveInputChangesStep.java:28)
	at org.gradle.internal.execution.steps.BuildCacheStep.executeWithoutCache(BuildCacheStep.java:189)
	at org.gradle.internal.execution.steps.BuildCacheStep.lambda$execute$1(BuildCacheStep.java:75)
	at org.gradle.internal.Either$Right.fold(Either.java:176)
	at org.gradle.internal.execution.caching.CachingState.fold(CachingState.java:62)
	at org.gradle.internal.execution.steps.BuildCacheStep.execute(BuildCacheStep.java:73)
	at org.gradle.internal.execution.steps.BuildCacheStep.execute(BuildCacheStep.java:48)
	at org.gradle.internal.execution.steps.StoreExecutionStateStep.execute(StoreExecutionStateStep.java:46)
	at org.gradle.internal.execution.steps.StoreExecutionStateStep.execute(StoreExecutionStateStep.java:35)
	at org.gradle.internal.execution.steps.SkipUpToDateStep.executeBecause(SkipUpToDateStep.java:75)
	at org.gradle.internal.execution.steps.SkipUpToDateStep.lambda$execute$2(SkipUpToDateStep.java:53)
	at org.gradle.internal.execution.steps.SkipUpToDateStep.execute(SkipUpToDateStep.java:53)
	at org.gradle.internal.execution.steps.SkipUpToDateStep.execute(SkipUpToDateStep.java:35)
	at org.gradle.internal.execution.steps.legacy.MarkSnapshottingInputsFinishedStep.execute(MarkSnapshottingInputsFinishedStep.java:37)
	at org.gradle.internal.execution.steps.legacy.MarkSnapshottingInputsFinishedStep.execute(MarkSnapshottingInputsFinishedStep.java:27)
	at org.gradle.internal.execution.steps.ResolveIncrementalCachingStateStep.executeDelegate(ResolveIncrementalCachingStateStep.java:49)
	at org.gradle.internal.execution.steps.ResolveIncrementalCachingStateStep.executeDelegate(ResolveIncrementalCachingStateStep.java:27)
	at org.gradle.internal.execution.steps.AbstractResolveCachingStateStep.execute(AbstractResolveCachingStateStep.java:71)
	at org.gradle.internal.execution.steps.AbstractResolveCachingStateStep.execute(AbstractResolveCachingStateStep.java:39)
	at org.gradle.internal.execution.steps.ResolveChangesStep.execute(ResolveChangesStep.java:64)
	at org.gradle.internal.execution.steps.ResolveChangesStep.execute(ResolveChangesStep.java:35)
	at org.gradle.internal.execution.steps.ValidateStep.execute(ValidateStep.java:62)
	at org.gradle.internal.execution.steps.ValidateStep.execute(ValidateStep.java:40)
	at org.gradle.internal.execution.steps.AbstractCaptureStateBeforeExecutionStep.execute(AbstractCaptureStateBeforeExecutionStep.java:76)
	at org.gradle.internal.execution.steps.AbstractCaptureStateBeforeExecutionStep.execute(AbstractCaptureStateBeforeExecutionStep.java:45)
	at org.gradle.internal.execution.steps.AbstractSkipEmptyWorkStep.executeWithNonEmptySources(AbstractSkipEmptyWorkStep.java:136)
	at org.gradle.internal.execution.steps.AbstractSkipEmptyWorkStep.execute(AbstractSkipEmptyWorkStep.java:66)
	at org.gradle.internal.execution.steps.AbstractSkipEmptyWorkStep.execute(AbstractSkipEmptyWorkStep.java:38)
	at org.gradle.internal.execution.steps.legacy.MarkSnapshottingInputsStartedStep.execute(MarkSnapshottingInputsStartedStep.java:38)
	at org.gradle.internal.execution.steps.LoadPreviousExecutionStateStep.execute(LoadPreviousExecutionStateStep.java:36)
	at org.gradle.internal.execution.steps.LoadPreviousExecutionStateStep.execute(LoadPreviousExecutionStateStep.java:23)
	at org.gradle.internal.execution.steps.HandleStaleOutputsStep.execute(HandleStaleOutputsStep.java:75)
	at org.gradle.internal.execution.steps.HandleStaleOutputsStep.execute(HandleStaleOutputsStep.java:41)
	at org.gradle.internal.execution.steps.AssignMutableWorkspaceStep.lambda$execute$0(AssignMutableWorkspaceStep.java:35)
	at org.gradle.api.internal.tasks.execution.TaskExecution$4.withWorkspace(TaskExecution.java:297)
	at org.gradle.internal.execution.steps.AssignMutableWorkspaceStep.execute(AssignMutableWorkspaceStep.java:31)
	at org.gradle.internal.execution.steps.AssignMutableWorkspaceStep.execute(AssignMutableWorkspaceStep.java:22)
	at org.gradle.internal.execution.steps.ChoosePipelineStep.execute(ChoosePipelineStep.java:40)
	at org.gradle.internal.execution.steps.ChoosePipelineStep.execute(ChoosePipelineStep.java:23)
	at org.gradle.internal.execution.steps.ExecuteWorkBuildOperationFiringStep.lambda$execute$2(ExecuteWorkBuildOperationFiringStep.java:67)
	at org.gradle.internal.execution.steps.ExecuteWorkBuildOperationFiringStep.execute(ExecuteWorkBuildOperationFiringStep.java:67)
	at org.gradle.internal.execution.steps.ExecuteWorkBuildOperationFiringStep.execute(ExecuteWorkBuildOperationFiringStep.java:39)
	at org.gradle.internal.execution.steps.IdentityCacheStep.execute(IdentityCacheStep.java:46)
	at org.gradle.internal.execution.steps.IdentityCacheStep.execute(IdentityCacheStep.java:34)
	at org.gradle.internal.execution.steps.IdentifyStep.execute(IdentifyStep.java:47)
	at org.gradle.internal.execution.steps.IdentifyStep.execute(IdentifyStep.java:34)
	at org.gradle.internal.execution.impl.DefaultExecutionEngine$1.execute(DefaultExecutionEngine.java:64)
	at org.gradle.api.internal.tasks.execution.ExecuteActionsTaskExecuter.executeIfValid(ExecuteActionsTaskExecuter.java:132)
	... 29 more
Caused by: org.jetbrains.kotlin.gradle.tasks.CompilationErrorException: Compilation error. See log for more details
	at org.jetbrains.kotlin.gradle.tasks.TasksUtilsKt.throwExceptionIfCompilationFailed(tasksUtils.kt:21)
	at org.jetbrains.kotlin.compilerRunner.GradleKotlinCompilerWork.run(GradleKotlinCompilerWork.kt:119)
	at org.jetbrains.kotlin.compilerRunner.GradleCompilerRunnerWithWorkers$GradleKotlinCompilerWorkAction.execute(GradleCompilerRunnerWithWorkers.kt:76)
	at org.gradle.workers.internal.DefaultWorkerServer.execute(DefaultWorkerServer.java:68)
	at org.gradle.workers.internal.NoIsolationWorkerFactory$1$1.create(NoIsolationWorkerFactory.java:66)
	at org.gradle.workers.internal.NoIsolationWorkerFactory$1$1.create(NoIsolationWorkerFactory.java:62)
	at org.gradle.internal.classloader.ClassLoaderUtils.executeInClassloader(ClassLoaderUtils.java:100)
	at org.gradle.workers.internal.NoIsolationWorkerFactory$1.lambda$execute$0(NoIsolationWorkerFactory.java:62)
	at org.gradle.workers.internal.AbstractWorker$1.call(AbstractWorker.java:44)
	at org.gradle.workers.internal.AbstractWorker$1.call(AbstractWorker.java:41)
	at org.gradle.internal.operations.DefaultBuildOperationRunner$CallableBuildOperationWorker.execute(DefaultBuildOperationRunner.java:209)
	at org.gradle.internal.operations.DefaultBuildOperationRunner$CallableBuildOperationWorker.execute(DefaultBuildOperationRunner.java:204)
	at org.gradle.internal.operations.DefaultBuildOperationRunner$2.execute(DefaultBuildOperationRunner.java:66)
	at org.gradle.internal.operations.DefaultBuildOperationRunner$2.execute(DefaultBuildOperationRunner.java:59)
	at org.gradle.internal.operations.DefaultBuildOperationRunner.execute(DefaultBuildOperationRunner.java:166)
	at org.gradle.internal.operations.DefaultBuildOperationRunner.execute(DefaultBuildOperationRunner.java:59)
	at org.gradle.internal.operations.DefaultBuildOperationRunner.call(DefaultBuildOperationRunner.java:53)
	at org.gradle.workers.internal.AbstractWorker.executeWrappedInBuildOperation(AbstractWorker.java:41)
	at org.gradle.workers.internal.NoIsolationWorkerFactory$1.execute(NoIsolationWorkerFactory.java:59)
	at org.gradle.workers.internal.DefaultWorkerExecutor.lambda$submitWork$0(DefaultWorkerExecutor.java:176)
	at org.gradle.internal.work.DefaultConditionalExecutionQueue$ExecutionRunner.runExecution(DefaultConditionalExecutionQueue.java:194)
	at org.gradle.internal.work.DefaultConditionalExecutionQueue$ExecutionRunner.access$700(DefaultConditionalExecutionQueue.java:127)
	at org.gradle.internal.work.DefaultConditionalExecutionQueue$ExecutionRunner$1.run(DefaultConditionalExecutionQueue.java:169)
	at org.gradle.internal.Factories$1.create(Factories.java:31)
	at org.gradle.internal.work.DefaultWorkerLeaseService.withLocks(DefaultWorkerLeaseService.java:263)
	at org.gradle.internal.work.DefaultWorkerLeaseService.runAsWorkerThread(DefaultWorkerLeaseService.java:127)
	at org.gradle.internal.work.DefaultWorkerLeaseService.runAsWorkerThread(DefaultWorkerLeaseService.java:132)
	at org.gradle.internal.work.DefaultConditionalExecutionQueue$ExecutionRunner.runBatch(DefaultConditionalExecutionQueue.java:164)
	at org.gradle.internal.work.DefaultConditionalExecutionQueue$ExecutionRunner.run(DefaultConditionalExecutionQueue.java:133)
	... 2 more


Deprecated Gradle features were used in this build, making it incompatible with Gradle 10.

You can use '--warning-mode all' to show the individual deprecation warnings and determine if they come from your own scripts or plugins.

For more on this, please refer to https://docs.gradle.org/9.0.0/userguide/command_line_interface.html#sec:command_line_warnings in the Gradle documentation.

BUILD FAILED in 34s
248 actionable tasks: 220 executed, 28 up-to-date
